c:\bingwickle-v.1one\bingwickle dot build\bingwickle dot build\x64\release\vc143.pdb
c:\bingwickle-v.1one\bingwickle dot build\bingwickle dot build\x64\release\setconsole.obj
c:\bingwickle-v.1one\bingwickle dot build\bingwickle dot build\x64\release\main.obj
c:\bingwickle-v.1one\bingwickle dot build\bingwickle dot build\x64\release\globals.obj
c:\bingwickle-v.1one\bingwickle dot build\bingwickle dot build\x64\release\audio.obj
c:\users\admin\desktop\live\bingwickle-v.1one\bingwickle dot build\bingwickle dot build\x64\release\vc143.pdb
c:\users\admin\desktop\live\bingwickle-v.1one\bingwickle dot build\bingwickle dot build\x64\release\setconsole.obj
c:\users\admin\desktop\live\bingwickle-v.1one\bingwickle dot build\bingwickle dot build\x64\release\playbing.obj
c:\users\admin\desktop\live\bingwickle-v.1one\bingwickle dot build\bingwickle dot build\x64\release\mainmenu.obj
c:\users\admin\desktop\live\bingwickle-v.1one\bingwickle dot build\bingwickle dot build\x64\release\globals.obj
c:\users\admin\desktop\live\bingwickle-v.1one\bingwickle dot build\bingwickle dot build\x64\release\commandlprmpt.obj
c:\users\admin\desktop\live\bingwickle-v.1one\bingwickle dot build\bingwickle dot build\x64\release\audio.obj
c:\bingwickle-v.1one\bingwickle dot build\x64\release\bingwickle.exe
c:\bingwickle-v.1one\bingwickle dot build\x64\release\bingwickle.pdb
c:\bingwickle-v.1one\bingwickle dot build\bingwickle dot build\x64\release\theiconresource.res
c:\bingwickle-v.1one\bingwickle dot build\bingwickle dot build\x64\release\bingwickle.ipdb
c:\bingwickle-v.1one\bingwickle dot build\bingwickle dot build\x64\release\bingwickle.iobj
c:\users\admin\desktop\live\bingwickle-v.1one\bingwickle\bingwickle dot build\bingwickle dot build\x64\release\audio.obj
c:\users\admin\desktop\live\bingwickle-v.1one\bingwickle\bingwickle dot build\bingwickle dot build\x64\release\commandlprmpt.obj
c:\users\admin\desktop\live\bingwickle-v.1one\bingwickle\bingwickle dot build\bingwickle dot build\x64\release\globals.obj
c:\users\admin\desktop\live\bingwickle-v.1one\bingwickle\bingwickle dot build\bingwickle dot build\x64\release\main.obj
c:\users\admin\desktop\live\bingwickle-v.1one\bingwickle\bingwickle dot build\bingwickle dot build\x64\release\mainmenu.obj
c:\users\admin\desktop\live\bingwickle-v.1one\bingwickle\bingwickle dot build\bingwickle dot build\x64\release\playbing.obj
c:\users\admin\desktop\live\bingwickle-v.1one\bingwickle\bingwickle dot build\bingwickle dot build\x64\release\setconsole.obj
c:\users\admin\desktop\live\bingwickle-v.1one\bingwickle\bingwickle dot build\bingwickle dot build\x64\release\bingwickle.ipdb
c:\users\admin\desktop\live\bingwickle-v.1one\bingwickle\bingwickle dot build\bingwickle dot build\x64\release\bingwickle.iobj
c:\users\admin\desktop\live\bingwickle-v.1one\bingwickle\bingwickle dot build\bingwickle dot build\x64\release\theiconresource.res
c:\users\admin\desktop\live\bingwickle-v.1one\bingwickle\bingwickle dot build\bingwickle dot build\x64\release\vc143.pdb
c:\users\admin\desktop\live\bingwickle-v.1one\bingwickle\bingwickle dot build\x64\release\bingwickle.pdb
c:\users\admin\desktop\live\bingwickle-v.1one\bingwickle\bingwickle dot build\x64\release\bingwickle.exe
c:\users\admin\desktop\live\bingwickle-v.1one\bingwickle\bingwickle dot build\bingwickle dot build\x64\release\bingwickle.tlog\cl.command.1.tlog
c:\users\admin\desktop\live\bingwickle-v.1one\bingwickle\bingwickle dot build\bingwickle dot build\x64\release\bingwickle.tlog\cl.items.tlog
c:\users\admin\desktop\live\bingwickle-v.1one\bingwickle\bingwickle dot build\bingwickle dot build\x64\release\bingwickle.tlog\cl.read.1.tlog
c:\users\admin\desktop\live\bingwickle-v.1one\bingwickle\bingwickle dot build\bingwickle dot build\x64\release\bingwickle.tlog\cl.write.1.tlog
c:\users\admin\desktop\live\bingwickle-v.1one\bingwickle\bingwickle dot build\bingwickle dot build\x64\release\bingwickle.tlog\link.command.1.tlog
c:\users\admin\desktop\live\bingwickle-v.1one\bingwickle\bingwickle dot build\bingwickle dot build\x64\release\bingwickle.tlog\link.read.1.tlog
c:\users\admin\desktop\live\bingwickle-v.1one\bingwickle\bingwickle dot build\bingwickle dot build\x64\release\bingwickle.tlog\link.secondary.1.tlog
c:\users\admin\desktop\live\bingwickle-v.1one\bingwickle\bingwickle dot build\bingwickle dot build\x64\release\bingwickle.tlog\link.write.1.tlog
c:\users\admin\desktop\live\bingwickle-v.1one\bingwickle\bingwickle dot build\bingwickle dot build\x64\release\bingwickle.tlog\rc.command.1.tlog
c:\users\admin\desktop\live\bingwickle-v.1one\bingwickle\bingwickle dot build\bingwickle dot build\x64\release\bingwickle.tlog\rc.read.1.tlog
c:\users\admin\desktop\live\bingwickle-v.1one\bingwickle\bingwickle dot build\bingwickle dot build\x64\release\bingwickle.tlog\rc.write.1.tlog
